09-01-2007,09-06-2007,09-05-2007,09-03-2007 Lara dance
09-02-2007,09-01-2007 Max basketball,gymnastics
09-02-2007,09-01-2007 Max,Thomas basketball
09-03-2007,09-01-2007,09-02-2007 Thomas basketball
09-01-2007,09-03-2007,09-02-2007 Harry,Max gymnastics
